##### N=0
B fps [55, 58.5, 59.5, 58, 55.5, 51, 53.5, 56.5, 54, 52, 50, 56.5, 57.5, 45, 49] scale 4 frames 608 overflow 0 guard 0 actorSkips 0 pieceSkips 0
B {'opa': (30608, 8160, 22448, 391168, 360560), 'xlu': (3416, 3416, 0, 131072, 127656), 'ovl': (2440, 2440, 0, 65536, 63096)} loopEnd 29368 3272
B mem wasmHeapMB 368.8 jsHeapMB 117 arenaFree 2273504 dyna {'chunks': 0, 'nodeMax': 8192, 'nodes': 65, 'polyMax': 8192, 'polys': 0, 'slots': 4, 'verts': 0, 'vtxMax': 8192}
C fps [55.5, 59, 60, 59, 56.5, 51, 54, 57, 56, 55, 53.5, 57, 58.5, 53, 52.5] scale 4 frames 609 overflow 0 guard 0 actorSkips 0 pieceSkips 0
C {'opa': (29984, 8048, 21936, 391168, 361184), 'xlu': (3552, 3552, 0, 131072, 127520), 'ovl': (2440, 2440, 0, 65536, 63096)} loopEnd 28744 3408
C mem wasmHeapMB 368.8 jsHeapMB 87 arenaFree 2273056 dyna {'chunks': 0, 'nodeMax': 8192, 'nodes': 65, 'polyMax': 8192, 'polys': 0, 'slots': 4, 'verts': 0, 'vtxMax': 8192}
D fps [53, 57, 60, 59, 52.5, 47, 51.5, 53.5, 52.5, 48, 51.5, 56, 56, 48, 47.5] scale 4 frames 611 overflow 0 guard 0 actorSkips 0 pieceSkips 0
D {'opa': (28808, 7640, 21168, 391168, 362360), 'xlu': (2912, 2912, 0, 131072, 128160), 'ovl': (2440, 2440, 0, 65536, 63096)} loopEnd 27568 2768
D mem wasmHeapMB 368.8 jsHeapMB 104 arenaFree 2273952 dyna {'chunks': 0, 'nodeMax': 8192, 'nodes': 65, 'polyMax': 8192, 'polys': 0, 'slots': 4, 'verts': 0, 'vtxMax': 8192}
A fps [57, 58, 58, 55, 54, 43.5, 49, 48, 56.5, 45.5, 53.5, 55.5, 47.5, 42, 54.5] scale 4 frames 613 overflow 0 guard 0 actorSkips 0 pieceSkips 0
A {'opa': (28944, 7776, 21168, 391168, 362224), 'xlu': (3672, 3672, 0, 131072, 127400), 'ovl': (2440, 2440, 0, 65536, 63096)} loopEnd 27704 3504
A mem wasmHeapMB 368.8 jsHeapMB 82 arenaFree 2272592 dyna {'chunks': 0, 'nodeMax': 8192, 'nodes': 65, 'polyMax': 8192, 'polys': 0, 'slots': 4, 'verts': 0, 'vtxMax': 8192}
DONE
##### N=94
C fps [56, 52.5, 57.5, 57, 59.5, 50.5, 58.5, 54.5, 55.5, 58.5, 57.5, 57.5, 58, 57, 57.5] scale 4 frames 609 overflow 0 guard 0 actorSkips 0 pieceSkips 0
C {'opa': (39592, 11096, 28496, 391168, 351576), 'xlu': (6632, 6632, 0, 131072, 124440), 'ovl': (2440, 2440, 0, 65536, 63096)} loopEnd 37712 5768
C mem wasmHeapMB 368.8 jsHeapMB 93 arenaFree 2200032 dyna {'chunks': 9, 'nodeMax': 8192, 'nodes': 2093, 'polyMax': 8192, 'polys': 2028, 'slots': 13, 'verts': 1352, 'vtxMax': 8192}
D fps [46.5, 42.5, 46, 47, 49, 39.5, 49.5, 47.5, 45.5, 47.5, 46, 43.5, 47.5, 44, 45.5] scale 4 frames 613 overflow 0 guard 0 actorSkips 0 pieceSkips 0
D {'opa': (47760, 12976, 34784, 391168, 343408), 'xlu': (7080, 7080, 0, 131072, 123992), 'ovl': (2440, 2440, 0, 65536, 63096)} loopEnd 45880 6216
D mem wasmHeapMB 368.8 jsHeapMB 111 arenaFree 2200032 dyna {'chunks': 9, 'nodeMax': 8192, 'nodes': 2093, 'polyMax': 8192, 'polys': 2028, 'slots': 13, 'verts': 1352, 'vtxMax': 8192}
A fps [44, 41, 45.5, 46.5, 45, 40.5, 56, 46.5, 44.5, 47, 50, 48.5, 47.5, 47, 47.5] scale 4 frames 610 overflow 0 guard 0 actorSkips 0 pieceSkips 0
A {'opa': (45800, 12568, 33232, 391168, 345368), 'xlu': (7016, 7016, 0, 131072, 124056), 'ovl': (2440, 2440, 0, 65536, 63096)} loopEnd 43920 6128
A mem wasmHeapMB 368.8 jsHeapMB 111 arenaFree 2200000 dyna {'chunks': 9, 'nodeMax': 8192, 'nodes': 2093, 'polyMax': 8192, 'polys': 2028, 'slots': 13, 'verts': 1352, 'vtxMax': 8192}
B fps [23, 21.5, 23, 24, 21, 22, 30, 25.5, 24, 23.5, 24.5, 24.5, 24.5, 22, 24.5] scale 4 frames 620 overflow 0 guard 0 actorSkips 0 pieceSkips 0
B {'opa': (87088, 22016, 65072, 391168, 304080), 'xlu': (9056, 9056, 0, 131072, 122016), 'ovl': (2440, 2440, 0, 65536, 63096)} loopEnd 85848 8912
B mem wasmHeapMB 368.8 jsHeapMB 125 arenaFree 2205216 dyna {'chunks': 9, 'nodeMax': 8192, 'nodes': 2093, 'polyMax': 8192, 'polys': 2028, 'slots': 13, 'verts': 1352, 'vtxMax': 8192}
DONE
##### N=160
C fps [52, 53, 57, 55.5, 56.5, 59, 47, 49, 50, 48.5, 51, 52, 51, 46, 47] scale 4 frames 611 overflow 0 guard 0 actorSkips 0 pieceSkips 0
C {'opa': (48368, 13696, 34672, 391168, 342800), 'xlu': (8200, 8200, 0, 131072, 122872), 'ovl': (2440, 2440, 0, 65536, 63096)} loopEnd 46488 7336
C mem wasmHeapMB 368.8 jsHeapMB 111 arenaFree 2152080 dyna {'chunks': 10, 'nodeMax': 8192, 'nodes': 3353, 'polyMax': 8192, 'polys': 3288, 'slots': 14, 'verts': 2192, 'vtxMax': 8192}
D fps [37, 40.5, 40.5, 41, 48, 49.5, 37.5, 36, 37, 34, 34.5, 37.5, 36, 30, 34.5] scale 4 frames 614 overflow 0 guard 0 actorSkips 0 pieceSkips 0
D {'opa': (61424, 16720, 44704, 391168, 329744), 'xlu': (9224, 9224, 0, 131072, 121848), 'ovl': (2440, 2440, 0, 65536, 63096)} loopEnd 59544 8360
D mem wasmHeapMB 368.8 jsHeapMB 93 arenaFree 2152080 dyna {'chunks': 10, 'nodeMax': 8192, 'nodes': 3353, 'polyMax': 8192, 'polys': 3288, 'slots': 14, 'verts': 2192, 'vtxMax': 8192}
A fps [41, 41, 46.5, 46, 50.5, 50.5, 41, 39.5, 40, 38.5, 41.5, 42, 35, 32, 39.5] scale 4 frames 611 overflow 0 guard 0 actorSkips 0 pieceSkips 0
A {'opa': (55568, 15392, 40176, 391168, 335600), 'xlu': (8664, 8664, 0, 131072, 122408), 'ovl': (2440, 2440, 0, 65536, 63096)} loopEnd 53688 7776
A mem wasmHeapMB 368.8 jsHeapMB 93 arenaFree 2152080 dyna {'chunks': 10, 'nodeMax': 8192, 'nodes': 3353, 'polyMax': 8192, 'polys': 3288, 'slots': 14, 'verts': 2192, 'vtxMax': 8192}
B fps [16, 20.5, 22.5, 22.5, 24, 25, 17.5, 16, 18, 19, 19.5, 19.5, 17.5, 16, 18] scale 4 frames 626 overflow 0 guard 0 actorSkips 0 pieceSkips 0
B {'opa': (106736, 27088, 79648, 391168, 284432), 'xlu': (11704, 11704, 0, 131072, 119368), 'ovl': (2440, 2440, 0, 65536, 63096)} loopEnd 105496 11560
B mem wasmHeapMB 368.8 jsHeapMB 111 arenaFree 2157264 dyna {'chunks': 10, 'nodeMax': 8192, 'nodes': 3353, 'polyMax': 8192, 'polys': 3288, 'slots': 14, 'verts': 2192, 'vtxMax': 8192}
DONE
##### N=256
C fps [34, 41, 35, 40, 36, 30, 36.5, 41.5, 43.5, 39, 45.5, 45.5, 43, 40, 33.5] scale 4 frames 616 overflow 0 guard 0 actorSkips 0 pieceSkips 0
C {'opa': (64160, 18352, 45808, 391168, 327008), 'xlu': (10240, 10240, 0, 131072, 120832), 'ovl': (2440, 2440, 0, 65536, 63096)} loopEnd 62920 10096
C mem wasmHeapMB 368.8 jsHeapMB 117 arenaFree 2082992 dyna {'chunks': 10, 'nodeMax': 8192, 'nodes': 4961, 'polyMax': 8192, 'polys': 4896, 'slots': 14, 'verts': 3264, 'vtxMax': 8192}
A fps [26, 32, 24.5, 27.5, 29.5, 23, 29.5, 31, 33, 28, 38, 34.5, 34, 30.5, 24.5] scale 4 frames 616 overflow 0 guard 0 actorSkips 0 pieceSkips 0
A {'opa': (74312, 20632, 53680, 391168, 316856), 'xlu': (11552, 11552, 0, 131072, 119520), 'ovl': (2280, 2280, 0, 65536, 63256)} loopEnd 72432 10664
A mem wasmHeapMB 368.8 jsHeapMB 117 arenaFree 2082960 dyna {'chunks': 10, 'nodeMax': 8192, 'nodes': 4961, 'polyMax': 8192, 'polys': 4896, 'slots': 14, 'verts': 3264, 'vtxMax': 8192}
D fps [22, 27, 21, 26.5, 25.5, 18.5, 25, 25.5, 28.5, 25.5, 34, 31.5, 29.5, 26.5, 22] scale 4 frames 624 overflow 0 guard 0 actorSkips 0 pieceSkips 0
D {'opa': (81728, 22368, 59360, 391168, 309440), 'xlu': (12328, 12328, 0, 131072, 118744), 'ovl': (2440, 2440, 0, 65536, 63096)} loopEnd 79848 11464
D mem wasmHeapMB 368.8 jsHeapMB 111 arenaFree 2082992 dyna {'chunks': 10, 'nodeMax': 8192, 'nodes': 4961, 'polyMax': 8192, 'polys': 4896, 'slots': 14, 'verts': 3264, 'vtxMax': 8192}
B fps [5, 7, 5.5, 6, 6.5, 5, 7.5, 9.5, 6.5, 9, 11.5, 9, 7, 5] scale 4 frames 612 overflow 0 guard 0 actorSkips 0 pieceSkips 0
B {'opa': (144264, 36680, 107584, 391168, 246904), 'xlu': (16304, 16304, 0, 131072, 114768), 'ovl': (2440, 2440, 0, 65536, 63096)} loopEnd 143024 16160
B mem wasmHeapMB 368.8 jsHeapMB 133 arenaFree 2088176 dyna {'chunks': 10, 'nodeMax': 8192, 'nodes': 4961, 'polyMax': 8192, 'polys': 4896, 'slots': 14, 'verts': 3264, 'vtxMax': 8192}
DONE
ALLDONE
