19
base (workbench only) {'fps': 54, 'opa': 16832, 'xlu': 2680, 'opaHead': 4672, 'opaTail': 12160, 'skips': 0}
barricade {'fps': 41.3, 'opa': 23192, 'xlu': 3856, 'opaHead': 6424, 'opaTail': 16768, 'skips': 0, 'placed': 24}
spikes {'fps': 35.3, 'opa': 27032, 'xlu': 3856, 'opaHead': 7192, 'opaTail': 19840, 'skips': 0, 'placed': 24}
chest {'fps': 45, 'opa': 25880, 'xlu': 3856, 'opaHead': 7192, 'opaTail': 18688, 'skips': 0, 'placed': 24}
scarecrow {'fps': 26.3, 'opa': 65736, 'xlu': 3856, 'opaHead': 15112, 'opaTail': 50624, 'skips': 0, 'placed': 24}
guardbaba {'fps': 36.3, 'opa': 33480, 'xlu': 3856, 'opaHead': 8968, 'opaTail': 24512, 'skips': 0, 'placed': 24}
torch {'fps': 59.7, 'opa': 27360, 'xlu': 6024, 'opaHead': 7584, 'opaTail': 19776, 'skips': 0, 'placed': 24}
stonewall {'fps': 46.3, 'opa': 25224, 'xlu': 3856, 'opaHead': 6856, 'opaTail': 18368, 'skips': 0, 'placed': 24}
bombtrap {'fps': 33.3, 'opa': 28296, 'xlu': 3856, 'opaHead': 8008, 'opaTail': 20288, 'skips': 0, 'placed': 24}
ironwall {'fps': 51.7, 'opa': 25800, 'xlu': 3856, 'opaHead': 7432, 'opaTail': 18368, 'skips': 0, 'placed': 24}
palisade {'fps': 56, 'opa': 30984, 'xlu': 3856, 'opaHead': 8008, 'opaTail': 22976, 'skips': 0, 'placed': 24}
floorplank {'fps': 58.7, 'opa': 23768, 'xlu': 3856, 'opaHead': 7000, 'opaTail': 16768, 'skips': 0, 'placed': 24}
floorranch {'fps': 16.3, 'opa': 27032, 'xlu': 3856, 'opaHead': 7192, 'opaTail': 19840, 'skips': 0, 'placed': 24}
floorstone {'fps': 51.3, 'opa': 23192, 'xlu': 3856, 'opaHead': 6424, 'opaTail': 16768, 'skips': 0, 'placed': 24}
deck {'fps': 59.3, 'opa': 23192, 'xlu': 3856, 'opaHead': 6424, 'opaTail': 16768, 'skips': 0, 'placed': 24}
step {'fps': 37.3, 'opa': 31448, 'xlu': 3856, 'opaHead': 8536, 'opaTail': 22912, 'skips': 0, 'placed': 24}
ladder {'fps': 48, 'opa': 24152, 'xlu': 3856, 'opaHead': 6616, 'opaTail': 17536, 'skips': 0, 'placed': 24}
stairs {'fps': 19.3, 'opa': 25112, 'xlu': 3856, 'opaHead': 6808, 'opaTail': 18304, 'skips': 0, 'placed': 24}
doorswamp {'fps': 53.7, 'opa': 25112, 'xlu': 3856, 'opaHead': 6808, 'opaTail': 18304, 'skips': 0, 'placed': 24}
doormusic {'fps': 51.3, 'opa': 25112, 'xlu': 3856, 'opaHead': 6808, 'opaTail': 18304, 'skips': 0, 'placed': 24}
doorpirate {'fps': 45.7, 'opa': 25112, 'xlu': 3856, 'opaHead': 6808, 'opaTail': 18304, 'skips': 0, 'placed': 24}
chairinn {'fps': 42.7, 'opa': 23192, 'xlu': 3856, 'opaHead': 6424, 'opaTail': 16768, 'skips': 0, 'placed': 24}
chairmilkbar {'fps': 56, 'opa': 23192, 'xlu': 3856, 'opaHead': 6424, 'opaTail': 16768, 'skips': 0, 'placed': 24}
bench {'fps': 30.7, 'opa': 23768, 'xlu': 3856, 'opaHead': 6616, 'opaTail': 17152, 'skips': 0, 'placed': 24}
bedinn {'fps': 19, 'opa': 23192, 'xlu': 3856, 'opaHead': 6424, 'opaTail': 16768, 'skips': 0, 'placed': 24}
bedmayor {'fps': 24.3, 'opa': 23304, 'xlu': 3856, 'opaHead': 6472, 'opaTail': 16832, 'skips': 0, 'placed': 24}
dresser {'fps': 42.7, 'opa': 23304, 'xlu': 3856, 'opaHead': 6472, 'opaTail': 16832, 'skips': 0, 'placed': 24}
drawers {'fps': 54, 'opa': 23304, 'xlu': 3856, 'opaHead': 6472, 'opaTail': 16832, 'skips': 0, 'placed': 24}
bookshelf {'fps': 48, 'opa': 23304, 'xlu': 3856, 'opaHead': 6472, 'opaTail': 16832, 'skips': 0, 'placed': 24}
painting {'fps': 58.7, 'opa': 23304, 'xlu': 3856, 'opaHead': 6472, 'opaTail': 16832, 'skips': 0, 'placed': 24}
milkcan {'fps': 44, 'opa': 23304, 'xlu': 3856, 'opaHead': 6472, 'opaTail': 16832, 'skips': 0, 'placed': 24}
rug {'fps': 34.7, 'opa': 23304, 'xlu': 3856, 'opaHead': 6472, 'opaTail': 16832, 'skips': 0, 'placed': 24}
barrel {'fps': 43.7, 'opa': 23192, 'xlu': 3856, 'opaHead': 6424, 'opaTail': 16768, 'skips': 0, 'placed': 24}
barrelromani {'fps': 55.3, 'opa': 23192, 'xlu': 3856, 'opaHead': 6424, 'opaTail': 16768, 'skips': 0, 'placed': 24}
wagonwheel {'fps': 58, 'opa': 23192, 'xlu': 3856, 'opaHead': 6424, 'opaTail': 16768, 'skips': 0, 'placed': 24}
stall {'fps': 57, 'opa': 23192, 'xlu': 3856, 'opaHead': 6424, 'opaTail': 16768, 'skips': 0, 'placed': 24}
DONE
